[12.08.2026 3:26:42] [ERROR] mysql_connect: handle error: no hostname specified
[12.08.2026 3:27:12] [ERROR] CConnection::CConnection - establishing connection to MySQL database failed: #2005 'Unknown MySQL server host ''localhost'' (0)'
[12.08.2026 3:27:12] [ERROR] CConnection::CConnection - establishing connection to MySQL database failed: #2005 'Unknown MySQL server host ''localhost'' (0)'
[12.08.2026 3:27:12] [ERROR] CConnection::CConnection - establishing connection to MySQL database failed: #2005 'Unknown MySQL server host ''localhost'' (0)'
[12.08.2026 3:27:12] [ERROR] CConnection::CConnection - establishing connection to MySQL database failed: #2005 'Unknown MySQL server host ''localhost'' (0)'
[12.08.2026 3:36:17] [ERROR] CConnection::CConnection - establishing connection to MySQL database failed: #2005 'Unknown MySQL server host ''localhost'' (0)'
[12.08.2026 3:36:17] [ERROR] CConnection::CConnection - establishing connection to MySQL database failed: #2005 'Unknown MySQL server host ''localhost'' (0)'
[12.08.2026 3:36:17] [ERROR] CConnection::CConnection - establishing connection to MySQL database failed: #2005 'Unknown MySQL server host ''localhost'' (0)'
[12.08.2026 3:36:17] [ERROR] CConnection::CConnection - establishing connection to MySQL database failed: #2005 'Unknown MySQL server host ''localhost'' (0)'
[12.08.2026 3:37:56] [ERROR] CConnection::CConnection - establishing connection to MySQL database failed: #2005 'Unknown MySQL server host ''localhost'' (0)'
[12.08.2026 3:37:56] [ERROR] CConnection::CConnection - establishing connection to MySQL database failed: #2005 'Unknown MySQL server host ''localhost'' (0)'
[12.08.2026 3:37:56] [ERROR] CConnection::CConnection - establishing connection to MySQL database failed: #2005 'Unknown MySQL server host ''localhost'' (0)'
[12.08.2026 3:37:56] [ERROR] CConnection::CConnection - establishing connection to MySQL database failed: #2005 'Unknown MySQL server host ''localhost'' (0)'
[12.08.2026 3:59:39] [ERROR] CConnection::CConnection - establishing connection to MySQL database failed: #2005 'Unknown MySQL server host ''localhost'' (0)'
[12.08.2026 3:59:39] [ERROR] CConnection::CConnection - establishing connection to MySQL database failed: #2005 'Unknown MySQL server host ''localhost'' (0)'
[12.08.2026 3:59:39] [ERROR] CConnection::CConnection - establishing connection to MySQL database failed: #2005 'Unknown MySQL server host ''localhost'' (0)'
[12.08.2026 3:59:39] [ERROR] CConnection::CConnection - establishing connection to MySQL database failed: #2005 'Unknown MySQL server host ''localhost'' (0)'
[12.08.2026 4:08:47] [ERROR] CConnection::CConnection - establishing connection to MySQL database failed: #2005 'Unknown MySQL server host ''localhost'' (0)'
[12.08.2026 4:08:47] [ERROR] CConnection::CConnection - establishing connection to MySQL database failed: #2005 'Unknown MySQL server host ''localhost'' (0)'
[12.08.2026 4:08:47] [ERROR] CConnection::CConnection - establishing connection to MySQL database failed: #2005 'Unknown MySQL server host ''localhost'' (0)'
[12.08.2026 4:08:47] [ERROR] CConnection::CConnection - establishing connection to MySQL database failed: #2005 'Unknown MySQL server host ''localhost'' (0)'
[12.08.2026 6:18:39] [ERROR] CConnection::CConnection - establishing connection to MySQL database failed: #2005 'Unknown MySQL server host ''localhost'' (0)'
[12.08.2026 6:18:39] [ERROR] CConnection::CConnection - establishing connection to MySQL database failed: #2005 'Unknown MySQL server host ''localhost'' (0)'
[12.08.2026 6:18:39] [ERROR] CConnection::CConnection - establishing connection to MySQL database failed: #2005 'Unknown MySQL server host ''localhost'' (0)'
[12.08.2026 6:18:39] [ERROR] CConnection::CConnection - establishing connection to MySQL database failed: #2005 'Unknown MySQL server host ''localhost'' (0)'
[12.08.2026 6:18:59] [ERROR] mysql_escape_string: can't escape string ''
[12.08.2026 6:20:35] [ERROR] CConnection::CConnection - establishing connection to MySQL database failed: #2005 'Unknown MySQL server host ''127.0.0.1'' (0)'
[12.08.2026 6:20:35] [ERROR] CConnection::CConnection - establishing connection to MySQL database failed: #2005 'Unknown MySQL server host ''127.0.0.1'' (0)'
[12.08.2026 6:20:35] [ERROR] CConnection::CConnection - establishing connection to MySQL database failed: #2005 'Unknown MySQL server host ''127.0.0.1'' (0)'
[12.08.2026 6:20:35] [ERROR] CConnection::CConnection - establishing connection to MySQL database failed: #2005 'Unknown MySQL server host ''127.0.0.1'' (0)'
[12.08.2026 6:20:58] [ERROR] CConnection::CConnection - establishing connection to MySQL database failed: #1045 'Access denied for user 'root'@'localhost' (using password: YES)'
[12.08.2026 6:20:58] [ERROR] CConnection::CConnection - establishing connection to MySQL database failed: #1045 'Access denied for user 'root'@'localhost' (using password: YES)'
[12.08.2026 6:20:58] [ERROR] CConnection::CConnection - establishing connection to MySQL database failed: #1045 'Access denied for user 'root'@'localhost' (using password: YES)'
[12.08.2026 6:20:58] [ERROR] CConnection::CConnection - establishing connection to MySQL database failed: #1045 'Access denied for user 'root'@'localhost' (using password: YES)'
[12.08.2026 6:21:24] [WARNING] mysql_connect: no password specified
[12.08.2026 6:22:09] [ERROR] CConnection::CConnection - establishing connection to MySQL database failed: #1045 'Access denied for user 'root'@'localhost' (using password: YES)'
[12.08.2026 6:22:09] [ERROR] CConnection::CConnection - establishing connection to MySQL database failed: #1045 'Access denied for user 'root'@'localhost' (using password: YES)'
[12.08.2026 6:22:09] [ERROR] CConnection::CConnection - establishing connection to MySQL database failed: #1045 'Access denied for user 'root'@'localhost' (using password: YES)'
[12.08.2026 6:22:09] [ERROR] CConnection::CConnection - establishing connection to MySQL database failed: #1045 'Access denied for user 'root'@'localhost' (using password: YES)'
[12.08.2026 6:22:14] [ERROR] CConnection::CConnection - establishing connection to MySQL database failed: #1045 'Access denied for user 'root'@'localhost' (using password: YES)'
[12.08.2026 6:22:14] [ERROR] CConnection::CConnection - establishing connection to MySQL database failed: #1045 'Access denied for user 'root'@'localhost' (using password: YES)'
[12.08.2026 6:22:14] [ERROR] CConnection::CConnection - establishing connection to MySQL database failed: #1045 'Access denied for user 'root'@'localhost' (using password: YES)'
[12.08.2026 6:22:14] [ERROR] CConnection::CConnection - establishing connection to MySQL database failed: #1045 'Access denied for user 'root'@'localhost' (using password: YES)'
[12.08.2026 6:23:46] [WARNING] mysql_connect: no password specified
[12.08.2026 6:26:27] [WARNING] mysql_connect: no password specified
[12.08.2026 6:26:58] [WARNING] mysql_connect: no password specified
[12.08.2026 6:27:02] [WARNING] mysql_connect: no password specified
[12.08.2026 6:28:54] [WARNING] mysql_connect: no password specified
[12.08.2026 6:30:22] [WARNING] mysql_connect: no password specified
[12.08.2026 6:31:47] [WARNING] mysql_connect: no password specified
[12.08.2026 6:32:40] [WARNING] mysql_connect: no password specified
[12.08.2026 6:33:57] [WARNING] mysql_connect: no password specified
[12.08.2026 6:35:59] [WARNING] mysql_connect: no password specified
[12.08.2026 6:38:22] [WARNING] mysql_connect: no password specified
[12.08.2026 6:39:08] [WARNING] mysql_connect: no password specified
[12.08.2026 6:39:40] [WARNING] mysql_connect: no password specified
[12.08.2026 6:39:45] [WARNING] mysql_connect: no password specified
[12.08.2026 6:40:37] [WARNING] mysql_connect: no password specified
[12.08.2026 6:41:52] [WARNING] mysql_connect: no password specified
[12.08.2026 6:44:15] [WARNING] mysql_connect: no password specified
[12.08.2026 6:45:37] [WARNING] mysql_connect: no password specified
[12.08.2026 6:59:09] [WARNING] mysql_connect: no password specified
[12.08.2026 7:02:49] [WARNING] mysql_connect: no password specified
[12.08.2026 7:03:56] [WARNING] mysql_connect: no password specified
[12.08.2026 7:05:46] [WARNING] mysql_connect: no password specified
[12.08.2026 7:07:17] [WARNING] mysql_connect: no password specified
[12.08.2026 7:56:55] [WARNING] mysql_connect: no password specified
[12.08.2026 8:03:29] [WARNING] mysql_connect: no password specified
[12.08.2026 8:11:35] [WARNING] mysql_connect: no password specified
[12.08.2026 8:12:10] [WARNING] mysql_connect: no password specified
